Scode Assembly 0, Generated By Ctor_RV.
addi 16 0 0
addi 17 0 10
bge 16 17 6
output 0 16
addi 16 16 1
jal 1 -8
end

Scode Binary, Generated By Ctor_RV.
0000 0000 0000 0000 0000 1000 0001 0011
0000 0000 1010 0000 0000 1000 1001 0011
0000 0001 0001 1000 0101 0110 0110 0011
0100 0000 0000 1000 0000 0000 0111 1110
0000 0000 0001 1000 0000 1000 0001 0011
1111 1111 0001 1111 1111 0000 1110 1111
0000 0000 0000 0000 0000 0000 0111 1111

