Scode Binary, Generated By Ctor_RV.
0000 0000 0011 0001 0000 0000 1011 0011
0100 0000 0011 0001 0000 0000 1011 0011
0000 0000 0011 0001 0100 0000 1011 0011
0000 0000 0011 0001 0110 0000 1011 0011
0000 0000 0011 0001 0111 0000 1011 0011
0000 0000 0011 0001 0001 0000 1011 0011
0000 0000 0011 0001 0101 0000 1011 0011
0100 0000 0011 0001 0101 0000 1011 0011
0000 0000 0011 0001 0010 0000 1011 0011
0000 0000 0011 0001 0011 0000 1011 0011

