Scode Binary, Generated By Ctor_RV.
0000 0000 0011 0001 0000 0000 1011 0011
0000 0000 0110 0010 1000 0010 0011 0011
0000 0001 0111 0001 1000 1001 1011 0011

Error constructing rv assembly 0 to binary.
Invalid rd on line 3.

Error constructing rv assembly 0 to binary.
Instruction "ado" not found on line 4.

Error constructing rv assembly 0 to binary.
Instruction "ado" not found on line 3.
Error constructing rv assembly 0 to binary.
Invalid rd on line 5.
Error constructing rv assembly 0 to binary.
Invalid rs2 on line 7.
Error constructing rv assembly 0 to binary.
Invalid rs1 on line 9.

Scode Binary, Generated By Ctor_RV.
0000 0000 0011 0001 0000 0000 1011 0011
0000 0000 0011 0001 0000 0000 1001 0011
1111 1111 1111 0001 0000 0000 1001 0011
1000 0000 0000 0001 0000 0000 1001 0011
0111 1111 1111 0001 0000 0000 1001 0011

Error constructing rv assembly 0 to binary.
Error in instruction formating on line 2: R Type Instruction should have format: "cmd rd rs1 rs2".
Error constructing rv assembly 0 to binary.
Error in instruction formating on line 3: I Type Instruction should have format: "cmd rd rs1 imm".

Scode Binary, Generated By Ctor_RV.
0000 0000 0000 0000 0000 0000 1001 0011
0000 0000 0010 0000 0000 0001 0001 0011
0000 0000 0010 0000 1000 1000 0110 0011
0000 0000 0001 0000 1000 0000 1001 0011
1111 1110 0000 0000 0000 0100 1110 0011

Error constructing rv assembly 0 to binary.
Immediate value for branch or jump command on line 4 needs to be a multiple of two.

