Word generated by add command is: 0000 0000 0011 0001 0000 0000 1011 0011
Word generated by add command is: 0000 0001 0111 0000 0000 0111 1011 0011
An error occured in generating add command, invalid register input.
An error occured in generating add command, invalid register input.
