Mem(0x00000000): 0000 0000 0000 0000 0000 0000 0000 0000
Mem(0x00000004): 0000 0000 0000 0000 0000 0000 0000 0100
Mem(0x0000000c): 0000 0000 0000 0000 0000 0000 0000 1100

Mem(0x00000000): 0000 0000 0000 0000 0000 0000 0000 0000
Mem(0x00000004): 0000 0000 0000 0000 0000 0000 0000 0100
Mem(0x00000008): 0000 0000 0000 0000 0000 0000 0000 1000
Mem(0x0000000c): 0000 0000 0000 0000 0000 0000 0000 1100

Mem(0x00000000): 0000 0000 0000 0000 0000 0000 0000 0000
Mem(0x00000004): 0000 0000 0000 0000 0000 0000 0000 0100
Mem(0x00000008): 0000 0000 0000 0000 0000 0000 0001 0000
Mem(0x0000000c): 0000 0000 0000 0000 0000 0000 0000 1100

Mem(0x00000000): 0000 0000 0000 0000 0000 0000 0000 0000
Mem(0x00000004): 0000 0000 0000 0000 0000 0000 0000 0100
Mem(0x0000000c): 0000 0000 0000 0000 0000 0000 0000 1100

Mem(0x00000004): 0000 0000 0000 0000 0000 0000 0000 0100
Mem(0x0000000c): 0000 0000 0000 0000 0000 0000 0000 1100

Mem(0x00000004): 0000 0000 0000 0000 0000 0000 0000 0100
Mem(0x00000008): 0000 0000 0000 0000 0000 0000 0000 1000
Mem(0x0000000c): 0000 0000 0000 0000 0000 0000 0000 1100
Mem(0x00000010): 0000 0000 0000 0000 0000 0000 0001 0000

Mem(0x00000000): 0000 0000 0000 0000 0000 0000 0000 0000
Mem(0x00000004): 0000 0000 0000 0000 0000 0000 0000 0100
Mem(0x00000008): 0000 0000 0000 0000 0000 0000 0000 1000
Mem(0x0000000c): 0000 0000 0000 0000 0000 0000 0000 1100
Mem(0x00000010): 0000 0000 0000 0000 0000 0000 0001 0000

Mem(0x00000000): 0000 0000 0000 0000 0000 0000 0000 0000
Mem(0x00000004): 0000 0000 0000 0000 0000 0000 0000 0100
Mem(0x00000008): 0000 0000 0000 0000 0000 0000 0000 1000
Mem(0x0000000c): 0000 0000 0000 0000 0000 0000 0000 1100


Mem(0x00000000): 0000 0000 0000 0000 0000 0000 0000 0000
Mem(0x00000004): 0000 0000 0000 0000 0000 0000 0000 0100
Mem(0x0000000c): 0000 0000 0000 0000 0000 0000 0000 1100

Mem(0x00000000): 0000 0000 0000 0000 0000 0000 0000 0000
Mem(0x00000004): 0000 0000 0000 0000 0000 0000 0000 0100
Mem(0x00000008): 0000 0000 0000 0000 0000 0000 0000 1000
Mem(0x0000000c): 0000 0000 0000 0000 0000 0000 0000 1100

Mem(0x00000000): 0000 0000 0000 0000 0000 0000 0000 0000
Mem(0x00000004): 0000 0000 0000 0000 0000 0000 0000 0100
Mem(0x00000008): 0000 0000 0000 0000 0000 0000 0001 0000
Mem(0x0000000c): 0000 0000 0000 0000 0000 0000 0000 1100

Mem(0x00000000): 0000 0000 0000 0000 0000 0000 0000 0000
Mem(0x00000004): 0000 0000 0000 0000 0000 0000 0000 0100
Mem(0x0000000c): 0000 0000 0000 0000 0000 0000 0000 1100

Mem(0x00000004): 0000 0000 0000 0000 0000 0000 0000 0100
Mem(0x0000000c): 0000 0000 0000 0000 0000 0000 0000 1100

Mem(0x00000004): 0000 0000 0000 0000 0000 0000 0000 0100
Mem(0x00000008): 0000 0000 0000 0000 0000 0000 0000 1000
Mem(0x0000000c): 0000 0000 0000 0000 0000 0000 0000 1100
Mem(0x00000010): 0000 0000 0000 0000 0000 0000 0001 0000

Mem(0x00000000): 0000 0000 0000 0000 0000 0000 0000 0000
Mem(0x00000004): 0000 0000 0000 0000 0000 0000 0000 0100
Mem(0x00000008): 0000 0000 0000 0000 0000 0000 0000 1000
Mem(0x0000000c): 0000 0000 0000 0000 0000 0000 0000 1100
Mem(0x00000010): 0000 0000 0000 0000 0000 0000 0001 0000

Mem(0x00000000): 0000 0000 0000 0000 0000 0000 0000 0000
Mem(0x00000004): 0000 0000 0000 0000 0000 0000 0000 0100
Mem(0x00000008): 0000 0000 0000 0000 0000 0000 0000 1000
Mem(0x0000000c): 0000 0000 0000 0000 0000 0000 0000 1100

