Port(0x0): 0000 0000 0000 0000 0000 0000 0000 0000
Port(0x1): 0000 0000 0000 0000 0000 0000 0000 0000
Port(0x2): 0000 0000 0000 0000 0000 0000 0000 0000
Port(0x3): 0000 0000 0000 0000 0000 0000 0000 0000
Port(0x4): 0000 0000 0000 0000 0000 0000 0000 0000
Port(0x5): 0000 0000 0000 0000 0000 0000 0000 0000
Port(0x6): 0000 0000 0000 0000 0000 0000 0000 0000
Port(0x7): 0000 0000 0000 0000 0000 0000 0000 0000

0000 0000 0000 0000 0000 0000 0000 0000
0000 0000 0000 0000 0000 0000 0000 0000
0000 0000 0000 0000 0000 0000 0000 0000
Port(0x0): 0000 0000 0000 0000 0000 0100 0000 0000
Port(0x1): 0000 0000 0000 0000 0001 0000 0000 0000
Port(0x2): 1111 1111 1111 1111 1111 0000 0000 0000
Port(0x3): 0000 0000 0000 0000 0000 0000 0000 0000
Port(0x4): 0000 0000 0000 0000 0000 0000 0000 0000
Port(0x5): 0000 0000 0000 0000 0000 0000 0000 0000
Port(0x6): 0000 0000 0000 0000 0000 0000 0000 0000
Port(0x7): 0000 0000 0000 0000 0000 0000 0000 0000

