Reg(0x00): 0000 0000 0000 0000 0000 0000 0000 0000
Reg(0x01): 0000 0000 0000 0000 0000 0000 0000 0000
Reg(0x02): 1111 1111 1111 1111 1111 1111 1111 1111
Reg(0x03): 0000 0000 0000 0000 0000 0000 0000 0000
Reg(0x04): 0000 0000 0000 0000 0000 0000 0000 0000
Reg(0x05): 0000 0000 0000 0000 0000 0000 0000 0000
Reg(0x06): 0000 0000 0000 0000 0000 0000 0000 0000
Reg(0x07): 0000 0000 0000 0000 0000 0000 0000 0000
Reg(0x08): 0000 0000 0000 0000 0000 0000 0000 0000
Reg(0x09): 0000 0000 0000 0000 0000 0000 0000 0000
Reg(0x0a): 0000 0000 0000 0000 0000 0000 0000 0000
Reg(0x0b): 0000 0000 0000 0000 0000 0000 0000 0000
Reg(0x0c): 0000 0000 0000 0000 0000 0000 0000 0000
Reg(0x0d): 0000 0000 0000 0000 0000 0000 0000 0000
Reg(0x0e): 0000 0000 0000 0000 0000 0000 0000 0000
Reg(0x0f): 0000 0000 0000 0000 0000 0000 0000 0000
Reg(0x10): 0000 0000 0000 0000 0000 0000 0000 0000
Reg(0x11): 0000 0000 0000 0000 0000 0000 0000 0000
Reg(0x12): 0000 0000 0000 0000 0000 0000 0000 0000
Reg(0x13): 0000 0000 0000 0000 0000 0000 0000 0000
Reg(0x14): 0000 0000 0000 0000 0000 0000 0000 0000
Reg(0x15): 0000 0000 0000 0000 0000 0000 0000 0000
Reg(0x16): 0000 0000 0000 0000 0000 0000 0000 0000
Reg(0x17): 0000 0000 0000 0000 0000 0000 0000 0000
Reg(0x18): 0000 0000 0000 0000 0000 0000 0000 0000
Reg(0x19): 0000 0000 0000 0000 0000 0000 0000 0000
Reg(0x1a): 0000 0000 0000 0000 0000 0000 0000 0000
Reg(0x1b): 0000 0000 0000 0000 0000 0000 0000 0000
Reg(0x1c): 0000 0000 0000 0000 0000 0000 0000 0000
Reg(0x1d): 0000 0000 0000 0000 0000 0000 0000 0000
Reg(0x1e): 0000 0000 0000 0000 0000 0000 0000 0000
Reg(0x1f): 0000 0000 0000 0000 0000 0000 0000 0000

0000 0000 0000 0000 0000 0000 0000 0000
0000 0000 0000 0000 0000 0000 0000 0000
1111 1111 1111 1111 1111 1111 1111 1111
Reg(0x00): 0000 0000 0000 0000 0000 0000 0000 0000
Reg(0x01): 0000 0000 0000 0000 0001 0000 0000 0000
Reg(0x02): 1111 1111 1111 1111 1111 0000 0000 0000
Reg(0x03): 0000 0000 0000 0000 0000 0000 0000 0000
Reg(0x04): 0000 0000 0000 0000 0000 0000 0000 0000
Reg(0x05): 0000 0000 0000 0000 0000 0000 0000 0000
Reg(0x06): 0000 0000 0000 0000 0000 0000 0000 0000
Reg(0x07): 0000 0000 0000 0000 0000 0000 0000 0000
Reg(0x08): 0000 0000 0000 0000 0000 0000 0000 0000
Reg(0x09): 0000 0000 0000 0000 0000 0000 0000 0000
Reg(0x0a): 0000 0000 0000 0000 0000 0000 0000 0000
Reg(0x0b): 0000 0000 0000 0000 0000 0000 0000 0000
Reg(0x0c): 0000 0000 0000 0000 0000 0000 0000 0000
Reg(0x0d): 0000 0000 0000 0000 0000 0000 0000 0000
Reg(0x0e): 0000 0000 0000 0000 0000 0000 0000 0000
Reg(0x0f): 0000 0000 0000 0000 0000 0000 0000 0000
Reg(0x10): 0000 0000 0000 0000 0000 0000 0000 0000
Reg(0x11): 0000 0000 0000 0000 0000 0000 0000 0000
Reg(0x12): 0000 0000 0000 0000 0000 0000 0000 0000
Reg(0x13): 0000 0000 0000 0000 0000 0000 0000 0000
Reg(0x14): 0000 0000 0000 0000 0000 0000 0000 0000
Reg(0x15): 0000 0000 0000 0000 0000 0000 0000 0000
Reg(0x16): 0000 0000 0000 0000 0000 0000 0000 0000
Reg(0x17): 0000 0000 0000 0000 0000 0000 0000 0000
Reg(0x18): 0000 0000 0000 0000 0000 0000 0000 0000
Reg(0x19): 0000 0000 0000 0000 0000 0000 0000 0000
Reg(0x1a): 0000 0000 0000 0000 0000 0000 0000 0000
Reg(0x1b): 0000 0000 0000 0000 0000 0000 0000 0000
Reg(0x1c): 0000 0000 0000 0000 0000 0000 0000 0000
Reg(0x1d): 0000 0000 0000 0000 0000 0000 0000 0000
Reg(0x1e): 0000 0000 0000 0000 0000 0000 0000 0000
Reg(0x1f): 0000 0000 0000 0000 0000 0000 0000 0000

