PC: 0

Register: 
Reg(0x00): 0000 0000 0000 0000 0000 0000 0000 0000
Reg(0x01): 0000 0000 0000 0000 0000 0000 0000 0000
Reg(0x02): 1111 1111 1111 1111 1111 1111 1111 1111
Reg(0x03): 0000 0000 0000 0000 0000 0000 0000 0000
Reg(0x04): 0000 0000 0000 0000 0000 0000 0000 0000
Reg(0x05): 0000 0000 0000 0000 0000 0000 0000 0000
Reg(0x06): 0000 0000 0000 0000 0000 0000 0000 0000
Reg(0x07): 0000 0000 0000 0000 0000 0000 0000 0000
Reg(0x08): 0000 0000 0000 0000 0000 0000 0000 0000
Reg(0x09): 0000 0000 0000 0000 0000 0000 0000 0000
Reg(0x0a): 0000 0000 0000 0000 0000 0000 0000 0000
Reg(0x0b): 0000 0000 0000 0000 0000 0000 0000 0000
Reg(0x0c): 0000 0000 0000 0000 0000 0000 0000 0000
Reg(0x0d): 0000 0000 0000 0000 0000 0000 0000 0000
Reg(0x0e): 0000 0000 0000 0000 0000 0000 0000 0000
Reg(0x0f): 0000 0000 0000 0000 0000 0000 0000 0000
Reg(0x10): 0000 0000 0000 0000 0000 0000 0000 0000
Reg(0x11): 0000 0000 0000 0000 0000 0000 0000 0000
Reg(0x12): 0000 0000 0000 0000 0000 0000 0000 0000
Reg(0x13): 0000 0000 0000 0000 0000 0000 0000 0000
Reg(0x14): 0000 0000 0000 0000 0000 0000 0000 0000
Reg(0x15): 0000 0000 0000 0000 0000 0000 0000 0000
Reg(0x16): 0000 0000 0000 0000 0000 0000 0000 0000
Reg(0x17): 0000 0000 0000 0000 0000 0000 0000 0000
Reg(0x18): 0000 0000 0000 0000 0000 0000 0000 0000
Reg(0x19): 0000 0000 0000 0000 0000 0000 0000 0000
Reg(0x1a): 0000 0000 0000 0000 0000 0000 0000 0000
Reg(0x1b): 0000 0000 0000 0000 0000 0000 0000 0000
Reg(0x1c): 0000 0000 0000 0000 0000 0000 0000 0000
Reg(0x1d): 0000 0000 0000 0000 0000 0000 0000 0000
Reg(0x1e): 0000 0000 0000 0000 0000 0000 0000 0000
Reg(0x1f): 0000 0000 0000 0000 0000 0000 0000 0000

Port: 
Port(0x0): 0000 0000 0000 0000 0000 0000 0000 0000
Port(0x1): 0000 0000 0000 0000 0000 0000 0000 0000
Port(0x2): 0000 0000 0000 0000 0000 0000 0000 0000
Port(0x3): 0000 0000 0000 0000 0000 0000 0000 0000
Port(0x4): 0000 0000 0000 0000 0000 0000 0000 0000
Port(0x5): 0000 0000 0000 0000 0000 0000 0000 0000
Port(0x6): 0000 0000 0000 0000 0000 0000 0000 0000
Port(0x7): 0000 0000 0000 0000 0000 0000 0000 0000

Memory: 


PC: 0

Register: 
Reg(0x00): 0000 0000 0000 0000 0000 0000 0000 0000
Reg(0x01): 0000 0000 0000 0000 0001 0000 0000 0000
Reg(0x02): 1111 1111 1111 1111 1111 0000 0000 0000
Reg(0x03): 0000 0000 0000 0000 0000 0000 0000 0000
Reg(0x04): 0000 0000 0000 0000 0000 0000 0000 0000
Reg(0x05): 0000 0000 0000 0000 0000 0000 0000 0000
Reg(0x06): 0000 0000 0000 0000 0000 0000 0000 0000
Reg(0x07): 0000 0000 0000 0000 0000 0000 0000 0000
Reg(0x08): 0000 0000 0000 0000 0000 0000 0000 0000
Reg(0x09): 0000 0000 0000 0000 0000 0000 0000 0000
Reg(0x0a): 0000 0000 0000 0000 0000 0000 0000 0000
Reg(0x0b): 0000 0000 0000 0000 0000 0000 0000 0000
Reg(0x0c): 0000 0000 0000 0000 0000 0000 0000 0000
Reg(0x0d): 0000 0000 0000 0000 0000 0000 0000 0000
Reg(0x0e): 0000 0000 0000 0000 0000 0000 0000 0000
Reg(0x0f): 0000 0000 0000 0000 0000 0000 0000 0000
Reg(0x10): 0000 0000 0000 0000 0000 0000 0000 0000
Reg(0x11): 0000 0000 0000 0000 0000 0000 0000 0000
Reg(0x12): 0000 0000 0000 0000 0000 0000 0000 0000
Reg(0x13): 0000 0000 0000 0000 0000 0000 0000 0000
Reg(0x14): 0000 0000 0000 0000 0000 0000 0000 0000
Reg(0x15): 0000 0000 0000 0000 0000 0000 0000 0000
Reg(0x16): 0000 0000 0000 0000 0000 0000 0000 0000
Reg(0x17): 0000 0000 0000 0000 0000 0000 0000 0000
Reg(0x18): 0000 0000 0000 0000 0000 0000 0000 0000
Reg(0x19): 0000 0000 0000 0000 0000 0000 0000 0000
Reg(0x1a): 0000 0000 0000 0000 0000 0000 0000 0000
Reg(0x1b): 0000 0000 0000 0000 0000 0000 0000 0000
Reg(0x1c): 0000 0000 0000 0000 0000 0000 0000 0000
Reg(0x1d): 0000 0000 0000 0000 0000 0000 0000 0000
Reg(0x1e): 0000 0000 0000 0000 0000 0000 0000 0000
Reg(0x1f): 0000 0000 0000 0000 0000 0000 0000 0000

Port: 
Port(0x0): 0000 0000 0000 0000 0000 0000 0000 0000
Port(0x1): 0000 0000 0000 0000 0000 0000 0000 0000
Port(0x2): 0000 0000 0000 0000 0000 0000 0000 0000
Port(0x3): 0000 0000 0000 0000 0000 0000 0000 0000
Port(0x4): 0000 0000 0000 0000 0000 0000 0000 0000
Port(0x5): 0000 0000 0000 0000 0000 0000 0000 0000
Port(0x6): 0000 0000 0000 0000 0000 0000 0000 0000
Port(0x7): 0000 0000 0000 0000 0000 0000 0000 0000

Memory: 


PC: 0

Register: 
Reg(0x00): 0000 0000 0000 0000 0000 0000 0000 0000
Reg(0x01): 0000 0000 0000 0000 0001 0000 0000 0000
Reg(0x02): 1111 1111 1111 1111 1111 0000 0000 0000
Reg(0x03): 0000 0000 0000 0000 0000 0000 0000 0000
Reg(0x04): 0000 0000 0000 0000 0000 0000 0000 0000
Reg(0x05): 0000 0000 0000 0000 0000 0000 0000 0000
Reg(0x06): 0000 0000 0000 0000 0000 0000 0000 0000
Reg(0x07): 0000 0000 0000 0000 0000 0000 0000 0000
Reg(0x08): 0000 0000 0000 0000 0000 0000 0000 0000
Reg(0x09): 0000 0000 0000 0000 0000 0000 0000 0000
Reg(0x0a): 0000 0000 0000 0000 0000 0000 0000 0000
Reg(0x0b): 0000 0000 0000 0000 0000 0000 0000 0000
Reg(0x0c): 0000 0000 0000 0000 0000 0000 0000 0000
Reg(0x0d): 0000 0000 0000 0000 0000 0000 0000 0000
Reg(0x0e): 0000 0000 0000 0000 0000 0000 0000 0000
Reg(0x0f): 0000 0000 0000 0000 0000 0000 0000 0000
Reg(0x10): 0000 0000 0000 0000 0000 0000 0000 0000
Reg(0x11): 0000 0000 0000 0000 0000 0000 0000 0000
Reg(0x12): 0000 0000 0000 0000 0000 0000 0000 0000
Reg(0x13): 0000 0000 0000 0000 0000 0000 0000 0000
Reg(0x14): 0000 0000 0000 0000 0000 0000 0000 0000
Reg(0x15): 0000 0000 0000 0000 0000 0000 0000 0000
Reg(0x16): 0000 0000 0000 0000 0000 0000 0000 0000
Reg(0x17): 0000 0000 0000 0000 0000 0000 0000 0000
Reg(0x18): 0000 0000 0000 0000 0000 0000 0000 0000
Reg(0x19): 0000 0000 0000 0000 0000 0000 0000 0000
Reg(0x1a): 0000 0000 0000 0000 0000 0000 0000 0000
Reg(0x1b): 0000 0000 0000 0000 0000 0000 0000 0000
Reg(0x1c): 0000 0000 0000 0000 0000 0000 0000 0000
Reg(0x1d): 0000 0000 0000 0000 0000 0000 0000 0000
Reg(0x1e): 0000 0000 0000 0000 0000 0000 0000 0000
Reg(0x1f): 0000 0000 0000 0000 0000 0000 0000 0000

Port: 
Port(0x0): 0000 0000 0000 0000 0000 0000 0000 0000
Port(0x1): 0000 0000 0000 0000 0000 0000 0000 0000
Port(0x2): 0000 0000 0000 0000 0000 0000 0000 0000
Port(0x3): 0000 0000 0000 0000 0000 0000 0000 0000
Port(0x4): 1111 1111 1111 1111 1111 1111 1111 1000
Port(0x5): 0000 0000 0000 0000 0000 0000 0000 0000
Port(0x6): 0000 0000 0000 0000 0000 0000 0000 0000
Port(0x7): 0000 0000 0000 0000 0000 0000 0000 1010

Memory: 


PC: 0

Register: 
Reg(0x00): 0000 0000 0000 0000 0000 0000 0000 0000
Reg(0x01): 0000 0000 0000 0000 0001 0000 0000 0000
Reg(0x02): 1111 1111 1111 1111 1111 0000 0000 0000
Reg(0x03): 0000 0000 0000 0000 0000 0000 0000 0000
Reg(0x04): 0000 0000 0000 0000 0000 0000 0000 0000
Reg(0x05): 0000 0000 0000 0000 0000 0000 0000 0000
Reg(0x06): 0000 0000 0000 0000 0000 0000 0000 0000
Reg(0x07): 0000 0000 0000 0000 0000 0000 0000 0000
Reg(0x08): 0000 0000 0000 0000 0000 0000 0000 0000
Reg(0x09): 0000 0000 0000 0000 0000 0000 0000 0000
Reg(0x0a): 0000 0000 0000 0000 0000 0000 0000 0000
Reg(0x0b): 0000 0000 0000 0000 0000 0000 0000 0000
Reg(0x0c): 0000 0000 0000 0000 0000 0000 0000 0000
Reg(0x0d): 0000 0000 0000 0000 0000 0000 0000 0000
Reg(0x0e): 0000 0000 0000 0000 0000 0000 0000 0000
Reg(0x0f): 0000 0000 0000 0000 0000 0000 0000 0000
Reg(0x10): 0000 0000 0000 0000 0000 0000 0000 0000
Reg(0x11): 0000 0000 0000 0000 0000 0000 0000 0000
Reg(0x12): 0000 0000 0000 0000 0000 0000 0000 0000
Reg(0x13): 0000 0000 0000 0000 0000 0000 0000 0000
Reg(0x14): 0000 0000 0000 0000 0000 0000 0000 0000
Reg(0x15): 0000 0000 0000 0000 0000 0000 0000 0000
Reg(0x16): 0000 0000 0000 0000 0000 0000 0000 0000
Reg(0x17): 0000 0000 0000 0000 0000 0000 0000 0000
Reg(0x18): 0000 0000 0000 0000 0000 0000 0000 0000
Reg(0x19): 0000 0000 0000 0000 0000 0000 0000 0000
Reg(0x1a): 0000 0000 0000 0000 0000 0000 0000 0000
Reg(0x1b): 0000 0000 0000 0000 0000 0000 0000 0000
Reg(0x1c): 0000 0000 0000 0000 0000 0000 0000 0000
Reg(0x1d): 0000 0000 0000 0000 0000 0000 0000 0000
Reg(0x1e): 0000 0000 0000 0000 0000 0000 0000 0000
Reg(0x1f): 0000 0000 0000 0000 0000 0000 0000 0000

Port: 
Port(0x0): 0000 0000 0000 0000 0000 0000 0000 0000
Port(0x1): 0000 0000 0000 0000 0000 0000 0000 0000
Port(0x2): 0000 0000 0000 0000 0000 0000 0000 0000
Port(0x3): 0000 0000 0000 0000 0000 0000 0000 0000
Port(0x4): 1111 1111 1111 1111 1111 1111 1111 1000
Port(0x5): 0000 0000 0000 0000 0000 0000 0000 0000
Port(0x6): 0000 0000 0000 0000 0000 0000 0000 0000
Port(0x7): 0000 0000 0000 0000 0000 0000 0000 1010

Memory: 
Mem(0x000000000): 0000 0000 0000 0000 0000 0000 0000 0000
Mem(0x000000004): 0000 0000 0000 0000 0000 0000 0000 0100
Mem(0x00000000c): 0000 0000 0000 0000 0000 0000 0000 1100


PC: 0

Register: 
Reg(0x00): 0000 0000 0000 0000 0000 0000 0000 0000
Reg(0x01): 0000 0000 0000 0000 0001 0000 0000 0000
Reg(0x02): 1111 1111 1111 1111 1111 0000 0000 0000
Reg(0x03): 0000 0000 0000 0000 0000 0000 0000 0000
Reg(0x04): 0000 0000 0000 0000 0000 0000 0000 0000
Reg(0x05): 0000 0000 0000 0000 0000 0000 0000 0000
Reg(0x06): 0000 0000 0000 0000 0000 0000 0000 0000
Reg(0x07): 0000 0000 0000 0000 0000 0000 0000 0000
Reg(0x08): 0000 0000 0000 0000 0000 0000 0000 0000
Reg(0x09): 0000 0000 0000 0000 0000 0000 0000 0000
Reg(0x0a): 0000 0000 0000 0000 0000 0000 0000 0000
Reg(0x0b): 0000 0000 0000 0000 0000 0000 0000 0000
Reg(0x0c): 0000 0000 0000 0000 0000 0000 0000 0000
Reg(0x0d): 0000 0000 0000 0000 0000 0000 0000 0000
Reg(0x0e): 0000 0000 0000 0000 0000 0000 0000 0000
Reg(0x0f): 0000 0000 0000 0000 0000 0000 0000 0000
Reg(0x10): 0000 0000 0000 0000 0000 0000 0000 0000
Reg(0x11): 0000 0000 0000 0000 0000 0000 0000 0000
Reg(0x12): 0000 0000 0000 0000 0000 0000 0000 0000
Reg(0x13): 0000 0000 0000 0000 0000 0000 0000 0000
Reg(0x14): 0000 0000 0000 0000 0000 0000 0000 0000
Reg(0x15): 0000 0000 0000 0000 0000 0000 0000 0000
Reg(0x16): 0000 0000 0000 0000 0000 0000 0000 0000
Reg(0x17): 0000 0000 0000 0000 0000 0000 0000 0000
Reg(0x18): 0000 0000 0000 0000 0000 0000 0000 0000
Reg(0x19): 0000 0000 0000 0000 0000 0000 0000 0000
Reg(0x1a): 0000 0000 0000 0000 0000 0000 0000 0000
Reg(0x1b): 0000 0000 0000 0000 0000 0000 0000 0000
Reg(0x1c): 0000 0000 0000 0000 0000 0000 0000 0000
Reg(0x1d): 0000 0000 0000 0000 0000 0000 0000 0000
Reg(0x1e): 0000 0000 0000 0000 0000 0000 0000 0000
Reg(0x1f): 0000 0000 0000 0000 0000 0000 0000 0000

Port: 
Port(0x0): 0000 0000 0000 0000 0000 0000 0000 0000
Port(0x1): 0000 0000 0000 0000 0000 0000 0000 0000
Port(0x2): 0000 0000 0000 0000 0000 0000 0000 0000
Port(0x3): 0000 0000 0000 0000 0000 0000 0000 0000
Port(0x4): 1111 1111 1111 1111 1111 1111 1111 1000
Port(0x5): 0000 0000 0000 0000 0000 0000 0000 0000
Port(0x6): 0000 0000 0000 0000 0000 0000 0000 0000
Port(0x7): 0000 0000 0000 0000 0000 0000 0000 1010

Memory: 
Mem(0x000000000): 0000 0000 0000 0000 0000 0000 0000 0000
Mem(0x000000004): 0000 0000 0000 0000 0000 0000 0000 0100
Mem(0x000000008): 0000 0000 0000 0000 0000 0000 0000 1000
Mem(0x00000000c): 0000 0000 0000 0000 0000 0000 0000 1100


PC: 0

Register: 
Reg(0x00): 0000 0000 0000 0000 0000 0000 0000 0000
Reg(0x01): 0000 0000 0000 0000 0001 0000 0000 0000
Reg(0x02): 1111 1111 1111 1111 1111 0000 0000 0000
Reg(0x03): 0000 0000 0000 0000 0000 0000 0000 0000
Reg(0x04): 0000 0000 0000 0000 0000 0000 0000 0000
Reg(0x05): 0000 0000 0000 0000 0000 0000 0000 0000
Reg(0x06): 0000 0000 0000 0000 0000 0000 0000 0000
Reg(0x07): 0000 0000 0000 0000 0000 0000 0000 0000
Reg(0x08): 0000 0000 0000 0000 0000 0000 0000 0000
Reg(0x09): 0000 0000 0000 0000 0000 0000 0000 0000
Reg(0x0a): 0000 0000 0000 0000 0000 0000 0000 0000
Reg(0x0b): 0000 0000 0000 0000 0000 0000 0000 0000
Reg(0x0c): 0000 0000 0000 0000 0000 0000 0000 0000
Reg(0x0d): 0000 0000 0000 0000 0000 0000 0000 0000
Reg(0x0e): 0000 0000 0000 0000 0000 0000 0000 0000
Reg(0x0f): 0000 0000 0000 0000 0000 0000 0000 0000
Reg(0x10): 0000 0000 0000 0000 0000 0000 0000 0000
Reg(0x11): 0000 0000 0000 0000 0000 0000 0000 0000
Reg(0x12): 0000 0000 0000 0000 0000 0000 0000 0000
Reg(0x13): 0000 0000 0000 0000 0000 0000 0000 0000
Reg(0x14): 0000 0000 0000 0000 0000 0000 0000 0000
Reg(0x15): 0000 0000 0000 0000 0000 0000 0000 0000
Reg(0x16): 0000 0000 0000 0000 0000 0000 0000 0000
Reg(0x17): 0000 0000 0000 0000 0000 0000 0000 0000
Reg(0x18): 0000 0000 0000 0000 0000 0000 0000 0000
Reg(0x19): 0000 0000 0000 0000 0000 0000 0000 0000
Reg(0x1a): 0000 0000 0000 0000 0000 0000 0000 0000
Reg(0x1b): 0000 0000 0000 0000 0000 0000 0000 0000
Reg(0x1c): 0000 0000 0000 0000 0000 0000 0000 0000
Reg(0x1d): 0000 0000 0000 0000 0000 0000 0000 0000
Reg(0x1e): 0000 0000 0000 0000 0000 0000 0000 0000
Reg(0x1f): 0000 0000 0000 0000 0000 0000 0000 0000

Port: 
Port(0x0): 0000 0000 0000 0000 0000 0000 0000 0000
Port(0x1): 0000 0000 0000 0000 0000 0000 0000 0000
Port(0x2): 0000 0000 0000 0000 0000 0000 0000 0000
Port(0x3): 0000 0000 0000 0000 0000 0000 0000 0000
Port(0x4): 1111 1111 1111 1111 1111 1111 1111 1000
Port(0x5): 0000 0000 0000 0000 0000 0000 0000 0000
Port(0x6): 0000 0000 0000 0000 0000 0000 0000 0000
Port(0x7): 0000 0000 0000 0000 0000 0000 0000 1010

Memory: 
Mem(0x000000000): 0000 0000 0000 0000 0000 0000 0000 0000
Mem(0x000000004): 0000 0000 0000 0000 0000 0000 0000 0100
Mem(0x000000008): 0000 0000 0000 0000 0000 0000 0001 0000
Mem(0x00000000c): 0000 0000 0000 0000 0000 0000 0000 1100


