Word #0 is: 0000 0000 0000 0000 0000 0000 0000 0000
Word #0 is: 1111 1111 1111 1111 1111 1111 1111 1111
Word #0 is: 1111 1111 1111 1111 1111 1111 1111 1111
Word #0 is: 1000 1001 0010 1010 1111 1001 0010 1101
Word #0 is: 0000 0000 0000 0000 0000 0000 0000 1000
